<html>
<body>
<pre>
<h1>µVision Build Log</h1>
<h2>Project:</h2>
E:\git\tq2440_tianqian\JLINKDemo\JLINKDemo.uvproj
Project File Date:  12/15/2011

<h2>Output:</h2>
Build target 'Target 1'
linking...
Program Size: Code=992 RO-data=16 RW-data=0 ZI-data=1256  
FromELF: creating hex file...
User command #1: fromelf.exe --bin -o JLINKDemo.bin output/JLINKDemo.axf
".\Output\JLINKDemo.axf" - 0 Error(s), 0 Warning(s).
Load "E:\\git\\tq2440_tianqian\\JLINKDemo\\Output\\JLINKDemo.AXF" 
***JLink Warning: Out of sync , resynchronizing...
***JLink Warning: Out of sync , resynchronizing...
***JLink Warning: Out of sync , resynchronizing...
Can not connect to J-Link via USB.
Build target 'Target 1'
linking...
Program Size: Code=992 RO-data=16 RW-data=0 ZI-data=1256  
FromELF: creating hex file...
User command #1: fromelf.exe --bin -o JLINKDemo.bin output/JLINKDemo.axf
".\Output\JLINKDemo.axf" - 0 Error(s), 0 Warning(s).
Load "E:\\git\\tq2440_tianqian\\JLINKDemo\\Output\\JLINKDemo.AXF" 
ProjectFile = E:\git\tq2440_tianqian\JLINKDemo\JLinkArm_Target 1.ini
Device = S3C2440A
Info: Device "S3C2440A" selected (0 KB flash, 0 KB RAM).
VTarget = 3.338V
Info: TotalIRLen = 4, IRPrint = 0x01
Info: CP15.0.0: 0x41129200: ARM, Architecure 4T
Info: CP15.0.1: 0x0D172172: ICache: 16kB (64*8*32), DCache: 16kB (64*8*32)
Info: Cache type: Separate, Write-back, Format A
Info: Core does not stop after Reset, setting WP to stop it.
***JLink Warning: PC of target system has unexpected value of 0x30000410 after reset.
Info: CP15.0.0: 0x41129200: ARM, Architecure 4T
Info: CP15.0.1: 0x0D172172: ICache: 16kB (64*8*32), DCache: 16kB (64*8*32)
Info: Cache type: Separate, Write-back, Format A
DLL version V4.74a, compiled Jul 23 2013 08:47:58
Firmware: J-Link ARM V8 compiled Jul 17 2013 11:24:15
Hardware: V8.00
Hardware-Breakpoints: 2
Software-Breakpoints: 8192
Watchpoints:          0
Found 1 JTAG device, Total IRLen = 4:
 Id of device #0: 0x0032409D
ARM9 identified.
JTAG speed: 1000 kHz
Info: RTCK is not connected
Info: Auto JTAG speed: 8000 kHz
Info: Core does not stop after Reset, setting WP to stop it.
***JLink Warning: PC of target system has unexpected value of 0x300001FC after reset.
Info: CP15.0.0: 0x41129200: ARM, Architecure 4T
Info: CP15.0.1: 0x0D172172: ICache: 16kB (64*8*32), DCache: 16kB (64*8*32)
Info: Cache type: Separate, Write-back, Format A
JTAG speed: 1000 kHz
Info: RTCK is not connected
Info: Auto JTAG speed: 8000 kHz
Programming Done.
Verify OK.
Build target 'Target 1'
linking...
Program Size: Code=992 RO-data=16 RW-data=0 ZI-data=1256  
FromELF: creating hex file...
User command #1: fromelf.exe --bin -o JLINKDemo.bin output/JLINKDemo.axf
".\Output\JLINKDemo.axf" - 0 Error(s), 0 Warning(s).
Load "E:\\git\\tq2440_tianqian\\JLINKDemo\\Output\\JLINKDemo.AXF" 
ProjectFile = E:\git\tq2440_tianqian\JLINKDemo\JLinkArm_Target 1.ini
Device = S3C2440A
Info: Device "S3C2440A" selected (0 KB flash, 0 KB RAM).
VTarget = 3.332V
Info: TotalIRLen = 4, IRPrint = 0x01
Info: CP15.0.0: 0x41129200: ARM, Architecure 4T
Info: CP15.0.1: 0x0D172172: ICache: 16kB (64*8*32), DCache: 16kB (64*8*32)
Info: Cache type: Separate, Write-back, Format A
Info: RTCK is not connected
Info: Auto JTAG speed: 8000 kHz
Info: Core does not stop after Reset, setting WP to stop it.
***JLink Warning: PC of target system has unexpected value of 0x000002CC after reset.
Info: CP15.0.0: 0x41129200: ARM, Architecure 4T
Info: CP15.0.1: 0x0D172172: ICache: 16kB (64*8*32), DCache: 16kB (64*8*32)
Info: Cache type: Separate, Write-back, Format A
DLL version V4.74a, compiled Jul 23 2013 08:47:58
Firmware: J-Link ARM V8 compiled Jul 17 2013 11:24:15
Hardware: V8.00
Hardware-Breakpoints: 2
Software-Breakpoints: 8192
Watchpoints:          0
Found 1 JTAG device, Total IRLen = 4:
 Id of device #0: 0x0032409D
ARM9 identified.
JTAG speed: 1000 kHz
Info: RTCK is not connected
Info: Auto JTAG speed: 8000 kHz
Info: Core does not stop after Reset, setting WP to stop it.
***JLink Warning: PC of target system has unexpected value of 0x000002C8 after reset.
Info: CP15.0.0: 0x41129200: ARM, Architecure 4T
Info: CP15.0.1: 0x0D172172: ICache: 16kB (64*8*32), DCache: 16kB (64*8*32)
Info: Cache type: Separate, Write-back, Format A
JTAG speed: 1000 kHz
Info: RTCK is not connected
Info: Auto JTAG speed: 8000 kHz
Programming Done.
Verify OK.
Info: RTCK is not connected
Info: Auto JTAG speed: 8000 kHz
Info: Core does not stop after Reset, setting WP to stop it.
***JLink Warning: PC of target system has unexpected value of 0x000002CC after reset.
Info: CP15.0.0: 0x41129200: ARM, Architecure 4T
Info: CP15.0.1: 0x0D172172: ICache: 16kB (64*8*32), DCache: 16kB (64*8*32)
Info: Cache type: Separate, Write-back, Format A
JTAG speed: 1000 kHz
Application running ...
Info: RTCK is not connected
Info: Auto JTAG speed: 8000 kHz
Build target 'Target 1'
compiling mian.c...
linking...
Program Size: Code=988 RO-data=16 RW-data=0 ZI-data=1256  
FromELF: creating hex file...
User command #1: fromelf.exe --bin -o JLINKDemo.bin output/JLINKDemo.axf
".\Output\JLINKDemo.axf" - 0 Error(s), 0 Warning(s).
Load "E:\\git\\tq2440_tianqian\\JLINKDemo\\Output\\JLINKDemo.AXF" 
ProjectFile = E:\git\tq2440_tianqian\JLINKDemo\JLinkArm_Target 1.ini
Device = S3C2440A
Info: Device "S3C2440A" selected (0 KB flash, 0 KB RAM).
VTarget = 3.332V
Info: TotalIRLen = 4, IRPrint = 0x01
Info: CP15.0.0: 0x41129200: ARM, Architecure 4T
Info: CP15.0.1: 0x0D172172: ICache: 16kB (64*8*32), DCache: 16kB (64*8*32)
Info: Cache type: Separate, Write-back, Format A
Info: RTCK is not connected
Info: Auto JTAG speed: 8000 kHz
Info: Core does not stop after Reset, setting WP to stop it.
***JLink Warning: PC of target system has unexpected value of 0x000002C8 after reset.
Info: CP15.0.0: 0x41129200: ARM, Architecure 4T
Info: CP15.0.1: 0x0D172172: ICache: 16kB (64*8*32), DCache: 16kB (64*8*32)
Info: Cache type: Separate, Write-back, Format A
DLL version V4.74a, compiled Jul 23 2013 08:47:58
Firmware: J-Link ARM V8 compiled Jul 17 2013 11:24:15
Hardware: V8.00
Hardware-Breakpoints: 2
Software-Breakpoints: 8192
Watchpoints:          0
Found 1 JTAG device, Total IRLen = 4:
 Id of device #0: 0x0032409D
ARM9 identified.
JTAG speed: 1000 kHz
Info: RTCK is not connected
Info: Auto JTAG speed: 8000 kHz
Info: Core does not stop after Reset, setting WP to stop it.
***JLink Warning: PC of target system has unexpected value of 0x000002D0 after reset.
Info: CP15.0.0: 0x41129200: ARM, Architecure 4T
Info: CP15.0.1: 0x0D172172: ICache: 16kB (64*8*32), DCache: 16kB (64*8*32)
Info: Cache type: Separate, Write-back, Format A
JTAG speed: 1000 kHz
Info: RTCK is not connected
Info: Auto JTAG speed: 8000 kHz
Programming Failed!
Build target 'Target 1'
linking...
Program Size: Code=988 RO-data=16 RW-data=0 ZI-data=1256  
FromELF: creating hex file...
User command #1: fromelf.exe --bin -o JLINKDemo.bin output/JLINKDemo.axf
".\Output\JLINKDemo.axf" - 0 Error(s), 0 Warning(s).
Load "E:\\git\\tq2440_tianqian\\JLINKDemo\\Output\\JLINKDemo.AXF" 
ProjectFile = E:\git\tq2440_tianqian\JLINKDemo\JLinkArm_Target 1.ini
Device = S3C2440A
Info: Device "S3C2440A" selected (0 KB flash, 0 KB RAM).
VTarget = 3.332V
Info: TotalIRLen = 4, IRPrint = 0x01
Info: CP15.0.0: 0x41129200: ARM, Architecure 4T
Info: CP15.0.1: 0x0D172172: ICache: 16kB (64*8*32), DCache: 16kB (64*8*32)
Info: Cache type: Separate, Write-back, Format A
Info: RTCK is not connected
Info: Auto JTAG speed: 8000 kHz
Info: Core does not stop after Reset, setting WP to stop it.
***JLink Warning: PC of target system has unexpected value of 0x000002D0 after reset.
Info: CP15.0.0: 0x41129200: ARM, Architecure 4T
Info: CP15.0.1: 0x0D172172: ICache: 16kB (64*8*32), DCache: 16kB (64*8*32)
Info: Cache type: Separate, Write-back, Format A
DLL version V4.74a, compiled Jul 23 2013 08:47:58
Firmware: J-Link ARM V8 compiled Jul 17 2013 11:24:15
Hardware: V8.00
Hardware-Breakpoints: 2
Software-Breakpoints: 8192
Watchpoints:          0
Found 1 JTAG device, Total IRLen = 4:
 Id of device #0: 0x0032409D
ARM9 identified.
JTAG speed: 1000 kHz
Info: RTCK is not connected
Info: Auto JTAG speed: 8000 kHz
Info: Core does not stop after Reset, setting WP to stop it.
***JLink Warning: PC of target system has unexpected value of 0x000002C8 after reset.
Info: CP15.0.0: 0x41129200: ARM, Architecure 4T
Info: CP15.0.1: 0x0D172172: ICache: 16kB (64*8*32), DCache: 16kB (64*8*32)
Info: Cache type: Separate, Write-back, Format A
JTAG speed: 1000 kHz
Info: RTCK is not connected
Info: Auto JTAG speed: 8000 kHz
Programming Failed!
Build target 'Target 1'
compiling mian.c...
linking...
Program Size: Code=992 RO-data=16 RW-data=0 ZI-data=1256  
FromELF: creating hex file...
User command #1: fromelf.exe --bin -o JLINKDemo.bin output/JLINKDemo.axf
".\Output\JLINKDemo.axf" - 0 Error(s), 0 Warning(s).
Load "E:\\git\\tq2440_tianqian\\JLINKDemo\\Output\\JLINKDemo.AXF" 
ProjectFile = E:\git\tq2440_tianqian\JLINKDemo\JLinkArm_Target 1.ini
Device = S3C2440A
Info: Device "S3C2440A" selected (0 KB flash, 0 KB RAM).
VTarget = 3.332V
Info: TotalIRLen = 4, IRPrint = 0x01
Info: CP15.0.0: 0x41129200: ARM, Architecure 4T
Info: CP15.0.1: 0x0D172172: ICache: 16kB (64*8*32), DCache: 16kB (64*8*32)
Info: Cache type: Separate, Write-back, Format A
Info: RTCK is not connected
Info: Auto JTAG speed: 8000 kHz
Info: Core does not stop after Reset, setting WP to stop it.
***JLink Warning: PC of target system has unexpected value of 0x000002D0 after reset.
Info: CP15.0.0: 0x41129200: ARM, Architecure 4T
Info: CP15.0.1: 0x0D172172: ICache: 16kB (64*8*32), DCache: 16kB (64*8*32)
Info: Cache type: Separate, Write-back, Format A
DLL version V4.74a, compiled Jul 23 2013 08:47:58
Firmware: J-Link ARM V8 compiled Jul 17 2013 11:24:15
Hardware: V8.00
Hardware-Breakpoints: 2
Software-Breakpoints: 8192
Watchpoints:          0
Found 1 JTAG device, Total IRLen = 4:
 Id of device #0: 0x0032409D
ARM9 identified.
JTAG speed: 1000 kHz
Info: RTCK is not connected
Info: Auto JTAG speed: 8000 kHz
Info: Core does not stop after Reset, setting WP to stop it.
***JLink Warning: PC of target system has unexpected value of 0x000002C8 after reset.
Info: CP15.0.0: 0x41129200: ARM, Architecure 4T
Info: CP15.0.1: 0x0D172172: ICache: 16kB (64*8*32), DCache: 16kB (64*8*32)
Info: Cache type: Separate, Write-back, Format A
JTAG speed: 1000 kHz
Info: RTCK is not connected
Info: Auto JTAG speed: 8000 kHz
Programming Failed!
Build target 'Target 1'
linking...
Program Size: Code=992 RO-data=16 RW-data=0 ZI-data=1256  
FromELF: creating hex file...
User command #1: fromelf.exe --bin -o JLINKDemo.bin output/JLINKDemo.axf
".\Output\JLINKDemo.axf" - 0 Error(s), 0 Warning(s).
Load "E:\\git\\tq2440_tianqian\\JLINKDemo\\Output\\JLINKDemo.AXF" 
ProjectFile = E:\git\tq2440_tianqian\JLINKDemo\JLinkArm_Target 1.ini
Device = S3C2440A
Info: Device "S3C2440A" selected (0 KB flash, 0 KB RAM).
VTarget = 3.332V
Info: TotalIRLen = 4, IRPrint = 0x01
Info: CP15.0.0: 0x41129200: ARM, Architecure 4T
Info: CP15.0.1: 0x0D172172: ICache: 16kB (64*8*32), DCache: 16kB (64*8*32)
Info: Cache type: Separate, Write-back, Format A
Info: RTCK is not connected
Info: Auto JTAG speed: 8000 kHz
Info: Core does not stop after Reset, setting WP to stop it.
***JLink Warning: PC of target system has unexpected value of 0x000002C8 after reset.
Info: CP15.0.0: 0x41129200: ARM, Architecure 4T
Info: CP15.0.1: 0x0D172172: ICache: 16kB (64*8*32), DCache: 16kB (64*8*32)
Info: Cache type: Separate, Write-back, Format A
DLL version V4.74a, compiled Jul 23 2013 08:47:58
Firmware: J-Link ARM V8 compiled Jul 17 2013 11:24:15
Hardware: V8.00
Hardware-Breakpoints: 2
Software-Breakpoints: 8192
Watchpoints:          0
Found 1 JTAG device, Total IRLen = 4:
 Id of device #0: 0x0032409D
ARM9 identified.
JTAG speed: 1000 kHz
Info: RTCK is not connected
Info: Auto JTAG speed: 8000 kHz
Info: Core does not stop after Reset, setting WP to stop it.
***JLink Warning: PC of target system has unexpected value of 0x000002C8 after reset.
Info: CP15.0.0: 0x41129200: ARM, Architecure 4T
Info: CP15.0.1: 0x0D172172: ICache: 16kB (64*8*32), DCache: 16kB (64*8*32)
Info: Cache type: Separate, Write-back, Format A
JTAG speed: 1000 kHz
Info: RTCK is not connected
Info: Auto JTAG speed: 8000 kHz
Erase Done.
Programming Done.
Verify OK.
Build target 'Target 1'
linking...
Program Size: Code=992 RO-data=16 RW-data=0 ZI-data=1256  
FromELF: creating hex file...
User command #1: fromelf.exe --bin -o JLINKDemo.bin output/JLINKDemo.axf
".\Output\JLINKDemo.axf" - 0 Error(s), 0 Warning(s).
Load "E:\\git\\tq2440_tianqian\\JLINKDemo\\Output\\JLINKDemo.AXF" 
ProjectFile = E:\git\tq2440_tianqian\JLINKDemo\JLinkArm_Target 1.ini
Device = S3C2440A
Info: Device "S3C2440A" selected (0 KB flash, 0 KB RAM).
VTarget = 3.332V
Info: TotalIRLen = 4, IRPrint = 0x01
Info: CP15.0.0: 0x41129200: ARM, Architecure 4T
Info: CP15.0.1: 0x0D172172: ICache: 16kB (64*8*32), DCache: 16kB (64*8*32)
Info: Cache type: Separate, Write-back, Format A
Info: RTCK is not connected
Info: Auto JTAG speed: 8000 kHz
Info: Core does not stop after Reset, setting WP to stop it.
***JLink Warning: PC of target system has unexpected value of 0x000002CC after reset.
Info: CP15.0.0: 0x41129200: ARM, Architecure 4T
Info: CP15.0.1: 0x0D172172: ICache: 16kB (64*8*32), DCache: 16kB (64*8*32)
Info: Cache type: Separate, Write-back, Format A
DLL version V4.74a, compiled Jul 23 2013 08:47:58
Firmware: J-Link ARM V8 compiled Jul 17 2013 11:24:15
Hardware: V8.00
Hardware-Breakpoints: 2
Software-Breakpoints: 8192
Watchpoints:          0
Found 1 JTAG device, Total IRLen = 4:
 Id of device #0: 0x0032409D
ARM9 identified.
JTAG speed: 1000 kHz
Info: RTCK is not connected
Info: Auto JTAG speed: 8000 kHz
Info: Core does not stop after Reset, setting WP to stop it.
***JLink Warning: PC of target system has unexpected value of 0x000002C8 after reset.
Info: CP15.0.0: 0x41129200: ARM, Architecure 4T
Info: CP15.0.1: 0x0D172172: ICache: 16kB (64*8*32), DCache: 16kB (64*8*32)
Info: Cache type: Separate, Write-back, Format A
JTAG speed: 1000 kHz
Info: RTCK is not connected
Info: Auto JTAG speed: 8000 kHz
Erase Done.
Programming Done.
Verify OK.
Info: RTCK is not connected
Info: Auto JTAG speed: 8000 kHz
Info: Core does not stop after Reset, setting WP to stop it.
***JLink Warning: PC of target system has unexpected value of 0x000002D0 after reset.
Info: CP15.0.0: 0x41129200: ARM, Architecure 4T
Info: CP15.0.1: 0x0D172172: ICache: 16kB (64*8*32), DCache: 16kB (64*8*32)
Info: Cache type: Separate, Write-back, Format A
JTAG speed: 1000 kHz
Application running ...
Info: RTCK is not connected
Info: Auto JTAG speed: 8000 kHz
Build target 'Target 1'
compiling mian.c...
linking...
Program Size: Code=988 RO-data=16 RW-data=0 ZI-data=1256  
FromELF: creating hex file...
User command #1: fromelf.exe --bin -o JLINKDemo.bin output/JLINKDemo.axf
".\Output\JLINKDemo.axf" - 0 Error(s), 0 Warning(s).
Load "E:\\git\\tq2440_tianqian\\JLINKDemo\\Output\\JLINKDemo.AXF" 
ProjectFile = E:\git\tq2440_tianqian\JLINKDemo\JLinkArm_Target 1.ini
Device = S3C2440A
Info: Device "S3C2440A" selected (0 KB flash, 0 KB RAM).
VTarget = 3.332V
Info: TotalIRLen = 4, IRPrint = 0x01
Info: CP15.0.0: 0x41129200: ARM, Architecure 4T
Info: CP15.0.1: 0x0D172172: ICache: 16kB (64*8*32), DCache: 16kB (64*8*32)
Info: Cache type: Separate, Write-back, Format A
Info: RTCK is not connected
Info: Auto JTAG speed: 8000 kHz
Info: Core does not stop after Reset, setting WP to stop it.
***JLink Warning: PC of target system has unexpected value of 0x000002C8 after reset.
Info: CP15.0.0: 0x41129200: ARM, Architecure 4T
Info: CP15.0.1: 0x0D172172: ICache: 16kB (64*8*32), DCache: 16kB (64*8*32)
Info: Cache type: Separate, Write-back, Format A
DLL version V4.74a, compiled Jul 23 2013 08:47:58
Firmware: J-Link ARM V8 compiled Jul 17 2013 11:24:15
Hardware: V8.00
Hardware-Breakpoints: 2
Software-Breakpoints: 8192
Watchpoints:          0
Found 1 JTAG device, Total IRLen = 4:
 Id of device #0: 0x0032409D
ARM9 identified.
JTAG speed: 1000 kHz
Info: RTCK is not connected
Info: Auto JTAG speed: 8000 kHz
Info: Core does not stop after Reset, setting WP to stop it.
***JLink Warning: PC of target system has unexpected value of 0x000002D0 after reset.
Info: CP15.0.0: 0x41129200: ARM, Architecure 4T
Info: CP15.0.1: 0x0D172172: ICache: 16kB (64*8*32), DCache: 16kB (64*8*32)
Info: Cache type: Separate, Write-back, Format A
JTAG speed: 1000 kHz
Info: RTCK is not connected
Info: Auto JTAG speed: 8000 kHz
Erase Done.
Programming Done.
Verify OK.
Info: RTCK is not connected
Info: Auto JTAG speed: 8000 kHz
Info: Core does not stop after Reset, setting WP to stop it.
***JLink Warning: PC of target system has unexpected value of 0x000002C8 after reset.
Info: CP15.0.0: 0x41129200: ARM, Architecure 4T
Info: CP15.0.1: 0x0D172172: ICache: 16kB (64*8*32), DCache: 16kB (64*8*32)
Info: Cache type: Separate, Write-back, Format A
JTAG speed: 1000 kHz
Application running ...
Info: RTCK is not connected
Info: Auto JTAG speed: 8000 kHz
