<html>
<body>
<pre>
<h1>µVision Build Log</h1>
<h2>Project:</h2>
D:\Library\Documemts\MyCodeLib\MCU\KeilARM\JLINKDemo\JLINKDemo.uvproj
Project File Date:  12/15/2011

<h2>Output:</h2>
Build target 'Target 1'
assembling S3C2440.s...
compiling mian.c...
linking...
Program Size: Code=960 RO-data=16 RW-data=0 ZI-data=1256  
FromELF: creating hex file...
"JLINKDemo.axf" - 0 Error(s), 0 Warning(s).
Build target 'Target 1'
linking...
Program Size: Code=960 RO-data=16 RW-data=0 ZI-data=1256  
FromELF: creating hex file...
"JLINKDemo.axf" - 0 Error(s), 0 Warning(s).
Load "D:\\Library\\Documemts\\MyCodeLib\\MCU\\KeilARM\\JLINKDemo\\JLINKDemo.AXF" 
USB Communication Failure
Build target 'Target 1'
linking...
Program Size: Code=960 RO-data=16 RW-data=0 ZI-data=1256  
FromELF: creating hex file...
"JLINKDemo.axf" - 0 Error(s), 0 Warning(s).
Load "D:\\Library\\Documemts\\MyCodeLib\\MCU\\KeilARM\\JLINKDemo\\JLINKDemo.AXF" 
USB Communication Failure
Build target 'Target 1'
linking...
Program Size: Code=960 RO-data=16 RW-data=0 ZI-data=1256  
FromELF: creating hex file...
"JLINKDemo.axf" - 0 Error(s), 0 Warning(s).
Build target 'Target 1'
linking...
Program Size: Code=960 RO-data=16 RW-data=0 ZI-data=1256  
FromELF: creating hex file...
"JLINKDemo.axf" - 0 Error(s), 0 Warning(s).
Build target 'Target 1'
linking...
Program Size: Code=960 RO-data=16 RW-data=0 ZI-data=1256  
FromELF: creating hex file...
"JLINKDemo.axf" - 0 Error(s), 0 Warning(s).
Build target 'Target 1'
linking...
Program Size: Code=960 RO-data=16 RW-data=0 ZI-data=1256  
FromELF: creating hex file...
"JLINKDemo.axf" - 0 Error(s), 0 Warning(s).
Build target 'Target 1'
linking...
Program Size: Code=960 RO-data=16 RW-data=0 ZI-data=1256  
FromELF: creating hex file...
"JLINKDemo.axf" - 0 Error(s), 0 Warning(s).
Build target 'Target 1'
assembling S3C2440.s...
compiling mian.c...
linking...
Program Size: Code=960 RO-data=16 RW-data=0 ZI-data=1256  
FromELF: creating hex file...
"JLINKDemo.axf" - 0 Error(s), 0 Warning(s).
Clean started: Project: 'JLINKDemo'
   deleting intermediate output files for target 'Target 1'
Build target 'Target 1'
assembling S3C2440.s...
compiling mian.c...
linking...
Program Size: Code=960 RO-data=16 RW-data=0 ZI-data=1256  
FromELF: creating hex file...
".\Output\JLINKDemo.axf" - 0 Error(s), 0 Warning(s).
Build target 'Target 1'
linking...
Program Size: Code=960 RO-data=16 RW-data=0 ZI-data=1256  
FromELF: creating hex file...
".\Output\JLINKDemo.axf" - 0 Error(s), 0 Warning(s).
